src/game3d/GameScene.tsx(86,48): error TS2304: Cannot find name 'random'.
src/game3d/GameScene.tsx(87,26): error TS2304: Cannot find name 'random'.
src/game3d/GameScene.tsx(88,37): error TS2304: Cannot find name 'random'.
src/game3d/GameScene.tsx(229,43): error TS2538: Type 'undefined' cannot be used as an index type.
