src/game/GameEngine.ts(52,1): error TS6133: 'ProceduralTrackGenerator' is declared but its value is never read.
src/game/GameEngine.ts(54,1): error TS6133: 'TechnicalCircuit' is declared but its value is never read.
src/game/GameEngine.ts(740,41): error TS2339: Property 'proceduralGenerator' does not exist on type 'GameEngine'.
src/game/GameEngine.ts(783,41): error TS2339: Property 'proceduralGenerator' does not exist on type 'GameEngine'.
