Connected to devnet
Treasury Address: FRWborzDSwmYNAvqG7FnTaTXbHYkwZVjPdRG77hNN5HW
Player B created: GrJSBpiyDNd5qDmidJcFWtU53Hs97hUek761H9i2xEWV
Funding Player B with 0.15 SOL from Player A to cover entry fee + tx fees...

==============================================
Starting 2-Player Match Flow for Match ID: c0e36f18-b6ad-4232-bd00-1fe784cb136c
==============================================
node.exe : Error during flow: 
TypeError: anchor.BN is not a 
constructor
At line:1 char:1
+ & "C:\Program 
Files\nodejs/node.exe" "C:\Use
rs\Aji4r\AppData\Roaming\ ...
+ ~~~~~~~~~~~~~~~~~~~~~~~~~~~~
~~~~~~~~~~~~~~~~~~~~~~~~~~~~~~
~~~~~~~~~~~
    + CategoryInfo          : 
    NotSpecified: (Error dur  
  ing fl...t a constructor:   
 String) [], RemoteExcepti    
on
    + FullyQualifiedErrorId : 
    NativeCommandError
 
    at main (C:\Users\Aji4r\On
eDrive\Desktop\NeonProject\scr
ipts\test-2player.ts:56:28)
    at process.processTicksAnd
Rejections (node:internal/proc
ess/task_queues:103:5)
